The name is the name.
And the instance class is bar.
